// Jest Snapshot v1, https://goo.gl/fbAQLP

exports[`snapshot test 1`] = `
<View
  collapsable={true}
  pointerEvents="box-none"
  style={
    Object {
      "flex": 1,
    }
  }
>
  <View
    style={
      Array [
        Object {
          "borderRadius": 2,
          "marginVertical": 5,
          "padding": 10,
        },
        Object {
          "backgroundColor": "#F00",
        },
      ]
    }
  >
    <Text
      style={
        Array [
          Object {
            "fontWeight": "700",
            "textAlign": "center",
          },
          Object {
            "color": "#eee",
          },
        ]
      }
    >
      Red
      : 
      #F00
    </Text>
  </View>
</View>
`;
