// Jest Snapshot v1, https://goo.gl/fbAQLP

exports[`sets background color 1`] = `
<View
  pointerEvents="box-none"
  style={
    Object {
      "flex": 1,
    }
  }
>
  <View
    collapsable={true}
    pointerEvents="box-none"
    style={
      Object {
        "flex": 1,
      }
    }
  >
    <View
      style={
        Object {
          "backgroundColor": "#F00",
        }
      }
    >
      <Text
        style={
          Array [
            Object {
              "fontWeight": "700",
              "textAlign": "center",
            },
            Object {
              "color": "#eee",
            },
          ]
        }
      >
        Red
        : 
        #F00
      </Text>
    </View>
  </View>
</View>
`;
